
[1m[46m RUN [49m[22m [36mv4.0.18 [39m[90mC:/Users/monas/Documents/jsrunner[39m

[90mstdout[2m | src/components/FloatingToolbar.test.tsx
[22m[39m­ƒîÉ i18next is maintained with support from Locize ÔÇö consider powering your project with managed localization (AI, CDN, integrations): https://locize.com ­ƒÆÖ

 [31mÔØ»[39m src/components/FloatingToolbar.test.tsx [2m([22m[2m3 tests[22m[2m | [22m[31m3 failed[39m[2m)[22m[32m 17[2mms[22m[39m
[31m     [31m├ù[31m should render toolbar[39m[32m 13[2mms[22m[39m
[31m     [31m├ù[31m should render run button[39m[32m 2[2mms[22m[39m
[31m     [31m├ù[31m should call runCode[39m[32m 2[2mms[22m[39m

[2m Test Files [22m [1m[31m1 failed[39m[22m[90m (1)[39m
[2m      Tests [22m [1m[31m3 failed[39m[22m[90m (3)[39m
[2m   Start at [22m 15:02:42
[2m   Duration [22m 1.46s[2m (transform 87ms, setup 135ms, import 374ms, tests 17ms, environment 794ms)[22m

