
[1m[46m RUN [49m[22m [36mv4.0.18 [39m[90mC:/Users/monas/Documents/jsrunner[39m

[90mstdout[2m | src/components/Result.test.tsx
[22m[39m­ƒîÉ i18next is maintained with support from Locize ÔÇö consider powering your project with managed localization (AI, CDN, integrations): https://locize.com ­ƒÆÖ

[90mstdout[2m | src/components/FloatingToolbar.test.tsx
[22m[39m­ƒîÉ i18next is maintained with support from Locize ÔÇö consider powering your project with managed localization (AI, CDN, integrations): https://locize.com ­ƒÆÖ

 [31mÔØ»[39m src/store/__tests__/useSnippetsStore.test.ts [2m([22m[2m0 test[22m[2m)[22m
 [31mÔØ»[39m src/store/__tests__/useSettingsStore.test.ts [2m([22m[2m0 test[22m[2m)[22m
 [31mÔØ»[39m src/store/__tests__/useCodeStore.test.ts [2m([22m[2m0 test[22m[2m)[22m
 [31mÔØ»[39m tests/unit/useHistoryStore.spec.ts [2m([22m[2m0 test[22m[2m)[22m
 [31mÔØ»[39m src/store/__tests__/useChatStore.test.ts [2m([22m[2m0 test[22m[2m)[22m
 [31mÔØ»[39m src/components/Result.test.tsx [2m([22m[2m24 tests[22m[2m | [22m[31m24 failed[39m[2m)[22m[32m 66[2mms[22m[39m
[31m     [31m├ù[31m should render the result panel[39m[32m 18[2mms[22m[39m
[31m     [31m├ù[31m should render Monaco editor with waiting message when no results[39m[32m 2[2mms[22m[39m
[31m     [31m├ù[31m should render console filter buttons[39m[32m 3[2mms[22m[39m
[31m     [31m├ù[31m should render ConsoleInput[39m[32m 2[2mms[22m[39m
[31m     [31m├ù[31m should display output from result elements[39m[32m 2[2mms[22m[39m
[31m     [31m├ù[31m should join multiple result elements with newlines[39m[32m 2[2mms[22m[39m
[31m     [31m├ù[31m should filter out log messages when log filter is toggled off[39m[32m 1[2mms[22m[39m
[31m     [31m├ù[31m should filter out error messages when error filter is toggled off[39m[32m 1[2mms[22m[39m
[31m     [31m├ù[31m should show Auto-Fix button when there is an execution error[39m[32m 1[2mms[22m[39m
[31m     [31m├ù[31m should not show Auto-Fix button when there are no errors[39m[32m 1[2mms[22m[39m
[31m     [31m├ù[31m should call triggerAIAutoCorrection when Auto-Fix is clicked[39m[32m 1[2mms[22m[39m
[31m     [31m├ù[31m should align results with source code when alignResults is enabled[39m[32m 1[2mms[22m[39m
[31m     [31m├ù[31m should filter out action elements from display[39m[32m 1[2mms[22m[39m
[31m       [31m├ù[31m should show a package toast for detected missing npm packages[39m[32m 2[2mms[22m[39m
[31m       [31m├ù[31m should show install button for available package[39m[32m 8[2mms[22m[39m
[31m       [31m├ù[31m should show installing state[39m[32m 5[2mms[22m[39m
[31m       [31m├ù[31m should show error state with retry button[39m[32m 2[2mms[22m[39m
[31m       [31m├ù[31m should show "not found" for non-existent package[39m[32m 1[2mms[22m[39m
[31m       [31m├ù[31m should show loading state for unknown package[39m[32m 2[2mms[22m[39m
[31m       [31m├ù[31m should install npm package when install button is clicked[39m[32m 1[2mms[22m[39m
[31m       [31m├ù[31m should handle npm package install failure[39m[32m 1[2mms[22m[39m
[31m       [31m├ù[31m should show python package install button with micropip label[39m[32m 1[2mms[22m[39m
[31m       [31m├ù[31m should dismiss package toast when X is clicked[39m[32m 1[2mms[22m[39m
[31m       [31m├ù[31m should show count badges for each console type[39m[32m 1[2mms[22m[39m
[90mstdout[2m | src/components/InputTooltip.test.tsx
[22m[39m­ƒîÉ i18next is maintained with support from Locize ÔÇö consider powering your project with managed localization (AI, CDN, integrations): https://locize.com ­ƒÆÖ

 [31mÔØ»[39m src/hooks/__tests__/useCodeRunner.test.ts [2m([22m[2m0 test[22m[2m)[22m
 [31mÔØ»[39m src/components/FloatingToolbar.test.tsx [2m([22m[2m0 test[22m[2m)[22m
 [31mÔØ»[39m src/features/ai-agent/ai-agent.test.ts [2m([22m[2m30 tests[22m[2m | [22m[31m3 failed[39m[2m)[22m[32m 17[2mms[22m[39m
       [32mÔ£ô[39m should remove markdown code blocks[32m 1[2mms[22m[39m
       [32mÔ£ô[39m should preserve quoted strings (could be valid code)[32m 0[2mms[22m[39m
       [32mÔ£ô[39m should remove common AI prefixes[32m 0[2mms[22m[39m
       [32mÔ£ô[39m should not repeat the current line[32m 0[2mms[22m[39m
       [32mÔ£ô[39m should have strict rules for inline completion[32m 0[2mms[22m[39m
       [32mÔ£ô[39m should build inline completion prompt correctly[32m 0[2mms[22m[39m
[31m       [31m├ù[31m should extract and execute EDITOR_ACTION[39m[32m 3[2mms[22m[39m
[31m       [31m├ù[31m should handle invalid JSON gracefully[39m[32m 1[2mms[22m[39m
[31m       [31m├ù[31m should remove think blocks and editor action blocks[39m[32m 4[2mms[22m[39m
       [32mÔ£ô[39m should hide trailing unclosed think block while streaming[32m 0[2mms[22m[39m
       [32mÔ£ô[39m should keep think blocks when showThinking is enabled[32m 0[2mms[22m[39m
       [32mÔ£ô[39m should extract code from fenced block[32m 0[2mms[22m[39m
       [32mÔ£ô[39m should return null for plain non-code prose[32m 0[2mms[22m[39m
       [32mÔ£ô[39m should detect direct edit intent in Spanish[32m 0[2mms[22m[39m
       [32mÔ£ô[39m should detect non-edit queries[32m 0[2mms[22m[39m
       [32mÔ£ô[39m should include plan JSON markers in planning prompt[32m 0[2mms[22m[39m
       [32mÔ£ô[39m should parse valid plan JSON into normalized execution plan[32m 1[2mms[22m[39m
       [32mÔ£ô[39m should return null when markers are missing[32m 0[2mms[22m[39m
       [32mÔ£ô[39m should map execution mode to default profile[32m 0[2mms[22m[39m
       [32mÔ£ô[39m should allow write tools only for build profile[32m 0[2mms[22m[39m
       [32mÔ£ô[39m should filter registry tools for plan profile in agent mode[32m 0[2mms[22m[39m
       [32mÔ£ô[39m should filter write tools automatically in plan mode[32m 0[2mms[22m[39m
       [32mÔ£ô[39m should resolve runtime defaults and plan limits[32m 0[2mms[22m[39m
       [32mÔ£ô[39m should use legacy prompt when tools are disabled[32m 0[2mms[22m[39m
       [32mÔ£ô[39m should apply safe preset to block write tools[32m 0[2mms[22m[39m
       [32mÔ£ô[39m should apply readonly preset to keep analysis/workspace tools[32m 0[2mms[22m[39m
       [32mÔ£ô[39m should build assistant payload with markdown and tool parts[32m 0[2mms[22m[39m
       [32mÔ£ô[39m should include reasoning parts when showThinking is enabled[32m 0[2mms[22m[39m
       [32mÔ£ô[39m should prefer content when present[32m 0[2mms[22m[39m
       [32mÔ£ô[39m should derive fallback text from contentParts when content is empty[32m 0[2mms[22m[39m
 [31mÔØ»[39m src/components/InputTooltip.test.tsx [2m([22m[2m10 tests[22m[2m | [22m[31m8 failed[39m[2m)[22m[32m 128[2mms[22m[39m
     [32mÔ£ô[39m should render nothing when no request[32m 43[2mms[22m[39m
     [32mÔ£ô[39m should subscribe to input requests and results on mount[32m 2[2mms[22m[39m
[31m     [31m├ù[31m should show tooltip when input request arrives[39m[32m 50[2mms[22m[39m
[31m     [31m├ù[31m should use default prompt if none provided[39m[32m 16[2mms[22m[39m
[31m     [31m├ù[31m should submit value on form submit[39m[32m 4[2mms[22m[39m
[31m     [31m├ù[31m should submit on Enter keypress[39m[32m 2[2mms[22m[39m
[31m     [31m├ù[31m should cancel on Escape keypress[39m[32m 2[2mms[22m[39m
[31m     [31m├ù[31m should dismiss tooltip when execution completes[39m[32m 3[2mms[22m[39m
[31m     [31m├ù[31m should clear previous request on new execution[39m[32m 2[2mms[22m[39m
[31m     [31m├ù[31m should cancel button send empty response[39m[32m 3[2mms[22m[39m
 [32mÔ£ô[39m electron/transpiler/__test__/edgeCases.test.ts [2m([22m[2m54 tests[22m[2m)[22m[32m 30[2mms[22m[39m
[90mstdout[2m | electron/rag/__tests__/rag.test.ts[2m > [22m[2mRAG System[2m > [22m[2mshould generate embeddings (mocked)
[22m[39mInitializing embeddings model: Xenova/all-MiniLM-L6-v2

[90mstdout[2m | electron/rag/__tests__/rag.test.ts[2m > [22m[2mRAG System[2m > [22m[2mshould generate embeddings (mocked)
[22m[39mEmbeddings model initialized

 [32mÔ£ô[39m electron/rag/__tests__/chunker.test.ts [2m([22m[2m27 tests[22m[2m)[22m[32m 11[2mms[22m[39m
 [32mÔ£ô[39m electron/transpiler/__test__/codeTransforms.regression.test.ts [2m([22m[2m12 tests[22m[2m)[22m[32m 10[2mms[22m[39m
 [32mÔ£ô[39m electron/rag/__tests__/bm25.test.ts [2m([22m[2m21 tests[22m[2m)[22m[32m 7[2mms[22m[39m
[90mstdout[2m | electron/rag/__tests__/rag.test.ts[2m > [22m[2mRAG System[2m > [22m[2mshould generate embeddings (mocked)
[22m[39mInitializing Vector Store at: C:\Users\monas\AppData\Local\Temp\rag-test-EzvjkS\rag-store

[90mstdout[2m | electron/rag/__tests__/rag.test.ts[2m > [22m[2mRAG System[2m > [22m[2mshould ingest and search documents
[22m[39mIngesting document: doc1
Split into 1 chunks (extension: unknown)

[90mstdout[2m | electron/rag/__tests__/rag.test.ts[2m > [22m[2mRAG System[2m > [22m[2mshould ingest and search documents
[22m[39mStored 1 chunks

 [32mÔ£ô[39m electron/rag/__tests__/rag.test.ts [2m([22m[2m3 tests[22m[2m)[22m[33m 312[2mms[22m[39m
 [32mÔ£ô[39m electron/rag/__tests__/autoTrimmer.test.ts [2m([22m[2m17 tests[22m[2m)[22m[32m 7[2mms[22m[39m
 [32mÔ£ô[39m electron/rag/__tests__/queryRewriter.test.ts [2m([22m[2m28 tests[22m[2m)[22m[32m 9[2mms[22m[39m
 [32mÔ£ô[39m electron/transpiler/__test__/transpiler.test.ts [2m([22m[2m31 tests[22m[2m)[22m[32m 8[2mms[22m[39m
 [32mÔ£ô[39m electron/rag/__tests__/contextDistiller.test.ts [2m([22m[2m13 tests[22m[2m)[22m[32m 6[2mms[22m[39m
 [32mÔ£ô[39m electron/rag/__tests__/reranker.test.ts [2m([22m[2m12 tests[22m[2m)[22m[32m 5[2mms[22m[39m
 [32mÔ£ô[39m electron/workers/__test__/sandboxRequirePolicy.test.ts [2m([22m[2m3 tests[22m[2m)[22m[32m 3[2mms[22m[39m
[90mstdout[2m | tests/unit/ExecutionHandlers.spec.ts[2m > [22m[2mExecutionHandlers[2m > [22m[2mshould handle Javascript execution
[22m[39m[Main] execute-code handler called: test-id javascript

[90mstdout[2m | tests/unit/ExecutionHandlers.spec.ts[2m > [22m[2mExecutionHandlers[2m > [22m[2mshould handle Python execution
[22m[39m[Main] execute-code handler called: test-id python

[90mstdout[2m | tests/unit/ExecutionHandlers.spec.ts[2m > [22m[2mExecutionHandlers[2m > [22m[2mshould default language to javascript when not specified
[22m[39m[Main] execute-code handler called: no-lang [90mundefined[39m

[90mstdout[2m | tests/unit/ExecutionHandlers.spec.ts[2m > [22m[2mExecutionHandlers[2m > [22m[2mshould apply default transform options when not provided
[22m[39m[Main] execute-code handler called: defaults-test javascript

[90mstdout[2m | tests/unit/ExecutionHandlers.spec.ts[2m > [22m[2mExecutionHandlers[2m > [22m[2mshould respect explicitly provided transform options
[22m[39m[Main] execute-code handler called: explicit-opts javascript

[90mstdout[2m | tests/unit/ExecutionHandlers.spec.ts[2m > [22m[2mExecutionHandlers[2m > [22m[2mshould return error when transpilation fails
[22m[39m[Main] execute-code handler called: bad-ts typescript

[90mstdout[2m | tests/unit/ExecutionHandlers.spec.ts[2m > [22m[2mExecutionHandlers[2m > [22m[2mshould return error when transpilation throws a non-Error
[22m[39m[Main] execute-code handler called: non-error-throw javascript

[90mstdout[2m | tests/unit/ExecutionHandlers.spec.ts[2m > [22m[2mExecutionHandlers[2m > [22m[2mshould return error when worker execution rejects
[22m[39m[Main] execute-code handler called: crash-test javascript

[90mstdout[2m | tests/unit/ExecutionHandlers.spec.ts[2m > [22m[2mExecutionHandlers[2m > [22m[2mshould return error when Python execution rejects
[22m[39m[Main] execute-code handler called: py-crash python

 [32mÔ£ô[39m tests/unit/ExecutionHandlers.spec.ts [2m([22m[2m16 tests[22m[2m)[22m[32m 11[2mms[22m[39m
 [32mÔ£ô[39m src/store/__tests__/createPackageStore.test.ts [2m([22m[2m24 tests[22m[2m)[22m[32m 9[2mms[22m[39m
 [32mÔ£ô[39m src/__test__/elementParser.test.ts [2m([22m[2m14 tests[22m[2m)[22m[32m 8[2mms[22m[39m
[90mstdout[2m | src/__test__/ErrorBoundary.test.tsx
[22m[39m­ƒîÉ i18next is maintained with support from Locize ÔÇö consider powering your project with managed localization (AI, CDN, integrations): https://locize.com ­ƒÆÖ

 [32mÔ£ô[39m src/__test__/ErrorBoundary.test.tsx [2m([22m[2m3 tests[22m[2m)[22m[32m 57[2mms[22m[39m
[90mstdout[2m | src/components/Layout.test.tsx
[22m[39m­ƒîÉ i18next is maintained with support from Locize ÔÇö consider powering your project with managed localization (AI, CDN, integrations): https://locize.com ­ƒÆÖ

 [32mÔ£ô[39m src/components/Layout.test.tsx [2m([22m[2m7 tests[22m[2m)[22m[32m 43[2mms[22m[39m
 [32mÔ£ô[39m src/store/__tests__/useRagStore.test.ts [2m([22m[2m5 tests[22m[2m)[22m[32m 5[2mms[22m[39m
 [32mÔ£ô[39m src/store/__tests__/useAISettingsStore.test.ts [2m([22m[2m6 tests[22m[2m)[22m[32m 4[2mms[22m[39m
 [32mÔ£ô[39m src/features/ai-agent/providers.test.ts [2m([22m[2m3 tests[22m[2m)[22m[32m 3[2mms[22m[39m
 [32mÔ£ô[39m electron/workers/__test__/workers.test.ts [2m([22m[2m7 tests[22m[2m)[22m[33m 6739[2mms[22m[39m
     [33m[2mÔ£ô[22m[39m should handle timeouts (infinite loop) [33m 1077[2mms[22m[39m
     [33m[2mÔ£ô[22m[39m should execute simple Python [33m 2137[2mms[22m[39m
     [33m[2mÔ£ô[22m[39m should handle Python syntax errors [33m 1972[2mms[22m[39m
     [33m[2mÔ£ô[22m[39m should support standard library imports [33m 1362[2mms[22m[39m

[2m Test Files [22m [1m[31m10 failed[39m[22m[2m | [22m[1m[32m20 passed[39m[22m[90m (30)[39m
[2m      Tests [22m [1m[31m35 failed[39m[22m[2m | [22m[1m[32m335 passed[39m[22m[90m (370)[39m
[2m   Start at [22m 19:07:58
[2m   Duration [22m 7.36s[2m (transform 2.52s, setup 6.03s, import 4.75s, tests 7.50s, environment 36.72s)[22m

